src/app/dashboard/assets/page.tsx(54,9): error TS2322: Type 'Resolver<{ department: string; location: string; product: string; serialNo: string; make: string; osVersion: string; config: string; status: string; cost?: unknown; }, any, { department: string; location: string; ... 6 more ...; cost?: number | undefined; }>' is not assignable to type 'Resolver<{ department: string; location: string; product: string; serialNo: string; make: string; osVersion: string; config: string; status: string; cost?: number | undefined; }, any, { department: string; ... 7 more ...; cost?: number | undefined; }>'.
  Types of parameters 'options' and 'options' are incompatible.
    Type 'ResolverOptions<{ department: string; location: string; product: string; serialNo: string; make: string; osVersion: string; config: string; status: string; cost?: number | undefined; }>' is not assignable to type 'ResolverOptions<{ department: string; location: string; product: string; serialNo: string; make: string; osVersion: string; config: string; status: string; cost?: unknown; }>'.
      Type 'unknown' is not assignable to type 'number | undefined'.
src/app/dashboard/assets/page.tsx(134,71): error TS2345: Argument of type '(data: AssetForm) => Promise<void>' is not assignable to parameter of type 'SubmitHandler<TFieldValues>'.
  Types of parameters 'data' and 'data' are incompatible.
    Type 'TFieldValues' is not assignable to type '{ department: string; location: string; product: string; serialNo: string; make: string; osVersion: string; config: string; status: string; cost?: number | undefined; }'.
      Type 'FieldValues' is missing the following properties from type '{ department: string; location: string; product: string; serialNo: string; make: string; osVersion: string; config: string; status: string; cost?: number | undefined; }': department, location, product, serialNo, and 4 more.
src/app/dashboard/assets/page.tsx(136,56): error TS2322: Type 'Control<{ department: string; location: string; product: string; serialNo: string; make: string; osVersion: string; config: string; status: string; cost?: number | undefined; }, any, TFieldValues>' is not assignable to type 'Control<{ department: string; location: string; product: string; serialNo: string; make: string; osVersion: string; config: string; status: string; cost?: number | undefined; }, any, { department: string; ... 7 more ...; cost?: number | undefined; }>'.
  The types of '_options.resolver' are incompatible between these types.
    Type 'Resolver<{ department: string; location: string; product: string; serialNo: string; make: string; osVersion: string; config: string; status: string; cost?: number | undefined; }, any, TFieldValues> | undefined' is not assignable to type 'Resolver<{ department: string; location: string; product: string; serialNo: string; make: string; osVersion: string; config: string; status: string; cost?: number | undefined; }, any, { department: string; ... 7 more ...; cost?: number | undefined; }> | undefined'.
      Type 'Resolver<{ department: string; location: string; product: string; serialNo: string; make: string; osVersion: string; config: string; status: string; cost?: number | undefined; }, any, TFieldValues>' is not assignable to type 'Resolver<{ department: string; location: string; product: string; serialNo: string; make: string; osVersion: string; config: string; status: string; cost?: number | undefined; }, any, { department: string; ... 7 more ...; cost?: number | undefined; }>'.
        Type 'ResolverResult<{ department: string; location: string; product: string; serialNo: string; make: string; osVersion: string; config: string; status: string; cost?: number | undefined; }, TFieldValues> | Promise<...>' is not assignable to type 'ResolverResult<{ department: string; location: string; product: string; serialNo: string; make: string; osVersion: string; config: string; status: string; cost?: number | undefined; }, { department: string; ... 7 more ...; cost?: number | undefined; }> | Promise<...>'.
          Type 'ResolverSuccess<TFieldValues>' is not assignable to type 'ResolverResult<{ department: string; location: string; product: string; serialNo: string; make: string; osVersion: string; config: string; status: string; cost?: number | undefined; }, { department: string; ... 7 more ...; cost?: number | undefined; }> | Promise<...>'.
            Type 'ResolverSuccess<TFieldValues>' is not assignable to type 'ResolverSuccess<{ department: string; location: string; product: string; serialNo: string; make: string; osVersion: string; config: string; status: string; cost?: number | undefined; }>'.
              Type 'TFieldValues' is not assignable to type '{ department: string; location: string; product: string; serialNo: string; make: string; osVersion: string; config: string; status: string; cost?: number | undefined; }'.
                Type 'FieldValues' is missing the following properties from type '{ department: string; location: string; product: string; serialNo: string; make: string; osVersion: string; config: string; status: string; cost?: number | undefined; }': department, location, product, serialNo, and 4 more.
src/app/dashboard/assets/page.tsx(150,72): error TS2322: Type 'Control<{ department: string; location: string; product: string; serialNo: string; make: string; osVersion: string; config: string; status: string; cost?: number | undefined; }, any, TFieldValues>' is not assignable to type 'Control<{ department: string; location: string; product: string; serialNo: string; make: string; osVersion: string; config: string; status: string; cost?: number | undefined; }, any, { department: string; ... 7 more ...; cost?: number | undefined; }>'.
  The types of '_options.resolver' are incompatible between these types.
    Type 'Resolver<{ department: string; location: string; product: string; serialNo: string; make: string; osVersion: string; config: string; status: string; cost?: number | undefined; }, any, TFieldValues> | undefined' is not assignable to type 'Resolver<{ department: string; location: string; product: string; serialNo: string; make: string; osVersion: string; config: string; status: string; cost?: number | undefined; }, any, { department: string; ... 7 more ...; cost?: number | undefined; }> | undefined'.
      Type 'Resolver<{ department: string; location: string; product: string; serialNo: string; make: string; osVersion: string; config: string; status: string; cost?: number | undefined; }, any, TFieldValues>' is not assignable to type 'Resolver<{ department: string; location: string; product: string; serialNo: string; make: string; osVersion: string; config: string; status: string; cost?: number | undefined; }, any, { department: string; ... 7 more ...; cost?: number | undefined; }>'.
        Type 'ResolverResult<{ department: string; location: string; product: string; serialNo: string; make: string; osVersion: string; config: string; status: string; cost?: number | undefined; }, TFieldValues> | Promise<...>' is not assignable to type 'ResolverResult<{ department: string; location: string; product: string; serialNo: string; make: string; osVersion: string; config: string; status: string; cost?: number | undefined; }, { department: string; ... 7 more ...; cost?: number | undefined; }> | Promise<...>'.
          Type 'ResolverSuccess<TFieldValues>' is not assignable to type 'ResolverResult<{ department: string; location: string; product: string; serialNo: string; make: string; osVersion: string; config: string; status: string; cost?: number | undefined; }, { department: string; ... 7 more ...; cost?: number | undefined; }> | Promise<...>'.
            Type 'ResolverSuccess<TFieldValues>' is not assignable to type 'ResolverSuccess<{ department: string; location: string; product: string; serialNo: string; make: string; osVersion: string; config: string; status: string; cost?: number | undefined; }>'.
              Type 'TFieldValues' is not assignable to type '{ department: string; location: string; product: string; serialNo: string; make: string; osVersion: string; config: string; status: string; cost?: number | undefined; }'.
                Type 'FieldValues' is missing the following properties from type '{ department: string; location: string; product: string; serialNo: string; make: string; osVersion: string; config: string; status: string; cost?: number | undefined; }': department, location, product, serialNo, and 4 more.
src/app/dashboard/assets/page.tsx(158,56): error TS2322: Type 'Control<{ department: string; location: string; product: string; serialNo: string; make: string; osVersion: string; config: string; status: string; cost?: number | undefined; }, any, TFieldValues>' is not assignable to type 'Control<{ department: string; location: string; product: string; serialNo: string; make: string; osVersion: string; config: string; status: string; cost?: number | undefined; }, any, { department: string; ... 7 more ...; cost?: number | undefined; }>'.
  The types of '_options.resolver' are incompatible between these types.
    Type 'Resolver<{ department: string; location: string; product: string; serialNo: string; make: string; osVersion: string; config: string; status: string; cost?: number | undefined; }, any, TFieldValues> | undefined' is not assignable to type 'Resolver<{ department: string; location: string; product: string; serialNo: string; make: string; osVersion: string; config: string; status: string; cost?: number | undefined; }, any, { department: string; ... 7 more ...; cost?: number | undefined; }> | undefined'.
      Type 'Resolver<{ department: string; location: string; product: string; serialNo: string; make: string; osVersion: string; config: string; status: string; cost?: number | undefined; }, any, TFieldValues>' is not assignable to type 'Resolver<{ department: string; location: string; product: string; serialNo: string; make: string; osVersion: string; config: string; status: string; cost?: number | undefined; }, any, { department: string; ... 7 more ...; cost?: number | undefined; }>'.
        Type 'ResolverResult<{ department: string; location: string; product: string; serialNo: string; make: string; osVersion: string; config: string; status: string; cost?: number | undefined; }, TFieldValues> | Promise<...>' is not assignable to type 'ResolverResult<{ department: string; location: string; product: string; serialNo: string; make: string; osVersion: string; config: string; status: string; cost?: number | undefined; }, { department: string; ... 7 more ...; cost?: number | undefined; }> | Promise<...>'.
          Type 'ResolverSuccess<TFieldValues>' is not assignable to type 'ResolverResult<{ department: string; location: string; product: string; serialNo: string; make: string; osVersion: string; config: string; status: string; cost?: number | undefined; }, { department: string; ... 7 more ...; cost?: number | undefined; }> | Promise<...>'.
            Type 'ResolverSuccess<TFieldValues>' is not assignable to type 'ResolverSuccess<{ department: string; location: string; product: string; serialNo: string; make: string; osVersion: string; config: string; status: string; cost?: number | undefined; }>'.
              Type 'TFieldValues' is not assignable to type '{ department: string; location: string; product: string; serialNo: string; make: string; osVersion: string; config: string; status: string; cost?: number | undefined; }'.
                Type 'FieldValues' is missing the following properties from type '{ department: string; location: string; product: string; serialNo: string; make: string; osVersion: string; config: string; status: string; cost?: number | undefined; }': department, location, product, serialNo, and 4 more.
src/app/dashboard/assets/page.tsx(170,56): error TS2322: Type 'Control<{ department: string; location: string; product: string; serialNo: string; make: string; osVersion: string; config: string; status: string; cost?: number | undefined; }, any, TFieldValues>' is not assignable to type 'Control<{ department: string; location: string; product: string; serialNo: string; make: string; osVersion: string; config: string; status: string; cost?: number | undefined; }, any, { department: string; ... 7 more ...; cost?: number | undefined; }>'.
  The types of '_options.resolver' are incompatible between these types.
    Type 'Resolver<{ department: string; location: string; product: string; serialNo: string; make: string; osVersion: string; config: string; status: string; cost?: number | undefined; }, any, TFieldValues> | undefined' is not assignable to type 'Resolver<{ department: string; location: string; product: string; serialNo: string; make: string; osVersion: string; config: string; status: string; cost?: number | undefined; }, any, { department: string; ... 7 more ...; cost?: number | undefined; }> | undefined'.
      Type 'Resolver<{ department: string; location: string; product: string; serialNo: string; make: string; osVersion: string; config: string; status: string; cost?: number | undefined; }, any, TFieldValues>' is not assignable to type 'Resolver<{ department: string; location: string; product: string; serialNo: string; make: string; osVersion: string; config: string; status: string; cost?: number | undefined; }, any, { department: string; ... 7 more ...; cost?: number | undefined; }>'.
        Type 'ResolverResult<{ department: string; location: string; product: string; serialNo: string; make: string; osVersion: string; config: string; status: string; cost?: number | undefined; }, TFieldValues> | Promise<...>' is not assignable to type 'ResolverResult<{ department: string; location: string; product: string; serialNo: string; make: string; osVersion: string; config: string; status: string; cost?: number | undefined; }, { department: string; ... 7 more ...; cost?: number | undefined; }> | Promise<...>'.
          Type 'ResolverSuccess<TFieldValues>' is not assignable to type 'ResolverResult<{ department: string; location: string; product: string; serialNo: string; make: string; osVersion: string; config: string; status: string; cost?: number | undefined; }, { department: string; ... 7 more ...; cost?: number | undefined; }> | Promise<...>'.
            Type 'ResolverSuccess<TFieldValues>' is not assignable to type 'ResolverSuccess<{ department: string; location: string; product: string; serialNo: string; make: string; osVersion: string; config: string; status: string; cost?: number | undefined; }>'.
              Type 'TFieldValues' is not assignable to type '{ department: string; location: string; product: string; serialNo: string; make: string; osVersion: string; config: string; status: string; cost?: number | undefined; }'.
                Type 'FieldValues' is missing the following properties from type '{ department: string; location: string; product: string; serialNo: string; make: string; osVersion: string; config: string; status: string; cost?: number | undefined; }': department, location, product, serialNo, and 4 more.
src/app/dashboard/licenses/page.tsx(48,9): error TS2322: Type 'Resolver<{ softwareName: string; category: string; licenseType: string; totalPurchased: unknown; licensesInUse: unknown; cost: unknown; vendor: string; renewalDate?: string | undefined; }, any, { softwareName: string; category: string; ... 5 more ...; renewalDate?: string | undefined; }>' is not assignable to type 'Resolver<{ softwareName: string; category: string; licenseType: string; totalPurchased: number; licensesInUse: number; cost: number; vendor: string; renewalDate?: string | undefined; }, any, { softwareName: string; ... 6 more ...; renewalDate?: string | undefined; }>'.
  Types of parameters 'options' and 'options' are incompatible.
    Type 'ResolverOptions<{ softwareName: string; category: string; licenseType: string; totalPurchased: number; licensesInUse: number; cost: number; vendor: string; renewalDate?: string | undefined; }>' is not assignable to type 'ResolverOptions<{ softwareName: string; category: string; licenseType: string; totalPurchased: unknown; licensesInUse: unknown; cost: unknown; vendor: string; renewalDate?: string | undefined; }>'.
      Type 'unknown' is not assignable to type 'number'.
src/app/dashboard/licenses/page.tsx(106,67): error TS2345: Argument of type '(data: LicenseForm) => Promise<void>' is not assignable to parameter of type 'SubmitHandler<TFieldValues>'.
  Types of parameters 'data' and 'data' are incompatible.
    Type 'TFieldValues' is not assignable to type '{ softwareName: string; category: string; licenseType: string; totalPurchased: number; licensesInUse: number; cost: number; vendor: string; renewalDate?: string | undefined; }'.
      Type 'FieldValues' is missing the following properties from type '{ softwareName: string; category: string; licenseType: string; totalPurchased: number; licensesInUse: number; cost: number; vendor: string; renewalDate?: string | undefined; }': softwareName, category, licenseType, totalPurchased, and 3 more.
src/app/dashboard/licenses/page.tsx(109,68): error TS2322: Type 'Control<{ softwareName: string; category: string; licenseType: string; totalPurchased: number; licensesInUse: number; cost: number; vendor: string; renewalDate?: string | undefined; }, any, TFieldValues>' is not assignable to type 'Control<{ softwareName: string; category: string; licenseType: string; totalPurchased: number; licensesInUse: number; cost: number; vendor: string; renewalDate?: string | undefined; }, any, { softwareName: string; ... 6 more ...; renewalDate?: string | undefined; }>'.
  The types of '_options.resolver' are incompatible between these types.
    Type 'Resolver<{ softwareName: string; category: string; licenseType: string; totalPurchased: number; licensesInUse: number; cost: number; vendor: string; renewalDate?: string | undefined; }, any, TFieldValues> | undefined' is not assignable to type 'Resolver<{ softwareName: string; category: string; licenseType: string; totalPurchased: number; licensesInUse: number; cost: number; vendor: string; renewalDate?: string | undefined; }, any, { ...; }> | undefined'.
      Type 'Resolver<{ softwareName: string; category: string; licenseType: string; totalPurchased: number; licensesInUse: number; cost: number; vendor: string; renewalDate?: string | undefined; }, any, TFieldValues>' is not assignable to type 'Resolver<{ softwareName: string; category: string; licenseType: string; totalPurchased: number; licensesInUse: number; cost: number; vendor: string; renewalDate?: string | undefined; }, any, { softwareName: string; ... 6 more ...; renewalDate?: string | undefined; }>'.
        Type 'ResolverResult<{ softwareName: string; category: string; licenseType: string; totalPurchased: number; licensesInUse: number; cost: number; vendor: string; renewalDate?: string | undefined; }, TFieldValues> | Promise<...>' is not assignable to type 'ResolverResult<{ softwareName: string; category: string; licenseType: string; totalPurchased: number; licensesInUse: number; cost: number; vendor: string; renewalDate?: string | undefined; }, { softwareName: string; ... 6 more ...; renewalDate?: string | undefined; }> | Promise<...>'.
          Type 'ResolverSuccess<TFieldValues>' is not assignable to type 'ResolverResult<{ softwareName: string; category: string; licenseType: string; totalPurchased: number; licensesInUse: number; cost: number; vendor: string; renewalDate?: string | undefined; }, { softwareName: string; ... 6 more ...; renewalDate?: string | undefined; }> | Promise<...>'.
            Type 'ResolverSuccess<TFieldValues>' is not assignable to type 'ResolverSuccess<{ softwareName: string; category: string; licenseType: string; totalPurchased: number; licensesInUse: number; cost: number; vendor: string; renewalDate?: string | undefined; }>'.
              Type 'TFieldValues' is not assignable to type '{ softwareName: string; category: string; licenseType: string; totalPurchased: number; licensesInUse: number; cost: number; vendor: string; renewalDate?: string | undefined; }'.
                Type 'FieldValues' is missing the following properties from type '{ softwareName: string; category: string; licenseType: string; totalPurchased: number; licensesInUse: number; cost: number; vendor: string; renewalDate?: string | undefined; }': softwareName, category, licenseType, totalPurchased, and 3 more.
src/app/dashboard/licenses/page.tsx(114,68): error TS2322: Type 'Control<{ softwareName: string; category: string; licenseType: string; totalPurchased: number; licensesInUse: number; cost: number; vendor: string; renewalDate?: string | undefined; }, any, TFieldValues>' is not assignable to type 'Control<{ softwareName: string; category: string; licenseType: string; totalPurchased: number; licensesInUse: number; cost: number; vendor: string; renewalDate?: string | undefined; }, any, { softwareName: string; ... 6 more ...; renewalDate?: string | undefined; }>'.
  The types of '_options.resolver' are incompatible between these types.
    Type 'Resolver<{ softwareName: string; category: string; licenseType: string; totalPurchased: number; licensesInUse: number; cost: number; vendor: string; renewalDate?: string | undefined; }, any, TFieldValues> | undefined' is not assignable to type 'Resolver<{ softwareName: string; category: string; licenseType: string; totalPurchased: number; licensesInUse: number; cost: number; vendor: string; renewalDate?: string | undefined; }, any, { ...; }> | undefined'.
      Type 'Resolver<{ softwareName: string; category: string; licenseType: string; totalPurchased: number; licensesInUse: number; cost: number; vendor: string; renewalDate?: string | undefined; }, any, TFieldValues>' is not assignable to type 'Resolver<{ softwareName: string; category: string; licenseType: string; totalPurchased: number; licensesInUse: number; cost: number; vendor: string; renewalDate?: string | undefined; }, any, { softwareName: string; ... 6 more ...; renewalDate?: string | undefined; }>'.
        Type 'ResolverResult<{ softwareName: string; category: string; licenseType: string; totalPurchased: number; licensesInUse: number; cost: number; vendor: string; renewalDate?: string | undefined; }, TFieldValues> | Promise<...>' is not assignable to type 'ResolverResult<{ softwareName: string; category: string; licenseType: string; totalPurchased: number; licensesInUse: number; cost: number; vendor: string; renewalDate?: string | undefined; }, { softwareName: string; ... 6 more ...; renewalDate?: string | undefined; }> | Promise<...>'.
          Type 'ResolverSuccess<TFieldValues>' is not assignable to type 'ResolverResult<{ softwareName: string; category: string; licenseType: string; totalPurchased: number; licensesInUse: number; cost: number; vendor: string; renewalDate?: string | undefined; }, { softwareName: string; ... 6 more ...; renewalDate?: string | undefined; }> | Promise<...>'.
            Type 'ResolverSuccess<TFieldValues>' is not assignable to type 'ResolverSuccess<{ softwareName: string; category: string; licenseType: string; totalPurchased: number; licensesInUse: number; cost: number; vendor: string; renewalDate?: string | undefined; }>'.
              Type 'TFieldValues' is not assignable to type '{ softwareName: string; category: string; licenseType: string; totalPurchased: number; licensesInUse: number; cost: number; vendor: string; renewalDate?: string | undefined; }'.
                Type 'FieldValues' is missing the following properties from type '{ softwareName: string; category: string; licenseType: string; totalPurchased: number; licensesInUse: number; cost: number; vendor: string; renewalDate?: string | undefined; }': softwareName, category, licenseType, totalPurchased, and 3 more.
src/app/dashboard/licenses/page.tsx(118,52): error TS2322: Type 'Control<{ softwareName: string; category: string; licenseType: string; totalPurchased: number; licensesInUse: number; cost: number; vendor: string; renewalDate?: string | undefined; }, any, TFieldValues>' is not assignable to type 'Control<{ softwareName: string; category: string; licenseType: string; totalPurchased: number; licensesInUse: number; cost: number; vendor: string; renewalDate?: string | undefined; }, any, { softwareName: string; ... 6 more ...; renewalDate?: string | undefined; }>'.
  The types of '_options.resolver' are incompatible between these types.
    Type 'Resolver<{ softwareName: string; category: string; licenseType: string; totalPurchased: number; licensesInUse: number; cost: number; vendor: string; renewalDate?: string | undefined; }, any, TFieldValues> | undefined' is not assignable to type 'Resolver<{ softwareName: string; category: string; licenseType: string; totalPurchased: number; licensesInUse: number; cost: number; vendor: string; renewalDate?: string | undefined; }, any, { ...; }> | undefined'.
      Type 'Resolver<{ softwareName: string; category: string; licenseType: string; totalPurchased: number; licensesInUse: number; cost: number; vendor: string; renewalDate?: string | undefined; }, any, TFieldValues>' is not assignable to type 'Resolver<{ softwareName: string; category: string; licenseType: string; totalPurchased: number; licensesInUse: number; cost: number; vendor: string; renewalDate?: string | undefined; }, any, { softwareName: string; ... 6 more ...; renewalDate?: string | undefined; }>'.
        Type 'ResolverResult<{ softwareName: string; category: string; licenseType: string; totalPurchased: number; licensesInUse: number; cost: number; vendor: string; renewalDate?: string | undefined; }, TFieldValues> | Promise<...>' is not assignable to type 'ResolverResult<{ softwareName: string; category: string; licenseType: string; totalPurchased: number; licensesInUse: number; cost: number; vendor: string; renewalDate?: string | undefined; }, { softwareName: string; ... 6 more ...; renewalDate?: string | undefined; }> | Promise<...>'.
          Type 'ResolverSuccess<TFieldValues>' is not assignable to type 'ResolverResult<{ softwareName: string; category: string; licenseType: string; totalPurchased: number; licensesInUse: number; cost: number; vendor: string; renewalDate?: string | undefined; }, { softwareName: string; ... 6 more ...; renewalDate?: string | undefined; }> | Promise<...>'.
            Type 'ResolverSuccess<TFieldValues>' is not assignable to type 'ResolverSuccess<{ softwareName: string; category: string; licenseType: string; totalPurchased: number; licensesInUse: number; cost: number; vendor: string; renewalDate?: string | undefined; }>'.
              Type 'TFieldValues' is not assignable to type '{ softwareName: string; category: string; licenseType: string; totalPurchased: number; licensesInUse: number; cost: number; vendor: string; renewalDate?: string | undefined; }'.
                Type 'FieldValues' is missing the following properties from type '{ softwareName: string; category: string; licenseType: string; totalPurchased: number; licensesInUse: number; cost: number; vendor: string; renewalDate?: string | undefined; }': softwareName, category, licenseType, totalPurchased, and 3 more.
